// Jest Snapshot v1, https://goo.gl/fbAQLP

exports[`should return all relayers 1`] = `
Object {
  "bambooRelay": Object {
    "feeRecipients": Array [
      "0x5dd835a893734b8d556eccf87800b76dda5aedc5",
    ],
    "id": "bambooRelay",
    "lookupId": 1,
  },
  "boxSwap": Object {
    "feeRecipients": Array [
      "0x66a836664adc7c525c0cc4527dee8619d4faf669",
    ],
    "id": "boxSwap",
    "lookupId": 14,
  },
  "ddex": Object {
    "id": "ddex",
    "lookupId": 2,
    "takerAddresses": Array [
      "0xe269e891a2ec8585a378882ffa531141205e92e9",
    ],
  },
  "emoon": Object {
    "feeRecipients": Array [
      "0xb0d7398d779ee9ffc727d2d5b045a5b441da8233",
    ],
    "id": "emoon",
    "lookupId": 19,
  },
  "ercDex": Object {
    "feeRecipients": Array [
      "fred",
      "flintstone",
    ],
    "id": "ercDex",
    "lookupId": 3,
  },
  "fordex": Object {
    "id": "fordex",
    "lookupId": 20,
    "takerAddresses": Array [
      "0x853da5cecc1ea601ab978c2001565a0377a7dca6",
    ],
  },
  "guDecks": Object {
    "feeRecipients": Array [
      "0x013ec57d1237e7727f818b1a35e3506f754304e4",
    ],
    "id": "guDecks",
    "lookupId": 16,
  },
  "idtExchange": Object {
    "feeRecipients": Array [
      "0xeb71bad396acaa128aeadbc7dbd59ca32263de01",
    ],
    "id": "idtExchange",
    "lookupId": 4,
  },
  "instex": Object {
    "feeRecipients": Array [
      "0x3151e8ab9bfe754ada6682b9d75906e06a18a741",
    ],
    "id": "instex",
    "lookupId": 17,
  },
  "ledgerDex": Object {
    "feeRecipients": Array [
      "0x4524baa98f9a3b9dec57caae7633936ef96bd708",
    ],
    "id": "ledgerDex",
    "lookupId": 12,
  },
  "openRelay": Object {
    "feeRecipients": Array [
      "0xc22d5b2951db72b44cfb8089bb8cd374a3c354ea",
      "0x89db81c2dc4adaf10a93705b69289d479d576635",
    ],
    "id": "openRelay",
    "lookupId": 5,
  },
  "paradex": Object {
    "id": "paradex",
    "lookupId": 6,
    "takerAddresses": Array [
      "0x4969358e80cdc3d74477d7447bffa3b2e2acbe92",
      "0xd2045edc40199019e221d71c0913343f7908d0d5",
    ],
  },
  "radarRelay": Object {
    "feeRecipients": Array [
      "0xa258b39954cef5cb142fd567a46cddb31a670124",
    ],
    "id": "radarRelay",
    "lookupId": 7,
  },
  "sharkRelay": Object {
    "feeRecipients": Array [
      "0x55890b06f0877a01bb5349d93b202961f8e27a9b",
    ],
    "id": "sharkRelay",
    "lookupId": 8,
  },
  "starBit": Object {
    "feeRecipients": Array [
      "0x8124071f810d533ff63de61d0c98db99eeb99d64",
      "0xc370d2a5920344aa6b7d8d11250e3e861434cbdd",
    ],
    "id": "starBit",
    "lookupId": 9,
  },
  "theOcean": Object {
    "feeRecipients": Array [
      "0x7219612be7036d1bfa933e16ca1246008f38c5fe",
    ],
    "id": "theOcean",
    "lookupId": 13,
  },
  "tokenJar": Object {
    "feeRecipients": Array [
      "0x5e150a33ffa97a8d22f59c77ae5487b089ef62e9",
    ],
    "id": "tokenJar",
    "lookupId": 10,
  },
  "tokenlon": Object {
    "feeRecipients": Array [
      "0x6f7ae872e995f98fcd2a7d3ba17b7ddfb884305f",
    ],
    "id": "tokenlon",
    "lookupId": 11,
  },
  "tokenmom": Object {
    "id": "tokenmom",
    "lookupId": 15,
    "takerAddresses": Array [
      "0x4a821aa1affbf7ee89a245bf750d1d7374e77409",
    ],
  },
  "veil": Object {
    "id": "veil",
    "lookupId": 18,
    "takerAddresses": Array [
      "0xdf1bc6498338135de5ffdbcb98817d81e2665912",
    ],
  },
}
`;
